H:\Projects\Projects MCUXPresso IDE\Mooc Bootloader\Mooc_Project\CMSIS/core_cm0plus.h:733:22:__NVIC_EnableIRQ	16	static
H:\Projects\Projects MCUXPresso IDE\Mooc Bootloader\Mooc_Project\CMSIS/core_cm0plus.h:769:22:__NVIC_DisableIRQ	16	static
../source/uart.c:10:6:UART0_IRQHandler	24	static
../source/uart.c:34:6:UART_init	16	static
../source/uart.c:106:6:UART_denit	8	static
../source/uart.c:122:6:UART_sendByte	16	static
../source/uart.c:133:6:UART_sendString	24	static
../source/uart.c:145:10:UART_available	8	static
../source/uart.c:149:9:UART_readByte	24	static
../source/uart.c:158:10:UART_readUntil	16	static
