H:\Projects\Projects MCUXPresso IDE\Bootloader\CMSIS/core_cm0plus.h:733:22:__NVIC_EnableIRQ	16	static
H:\Projects\Projects MCUXPresso IDE\Bootloader\CMSIS/core_cm0plus.h:769:22:__NVIC_DisableIRQ	16	static
../source/uart.c:27:6:UART0_IRQHandler	8	static
../source/uart.c:67:6:uart_init	8	static
../source/uart.c:121:6:uart_denit	8	static
../source/uart.c:137:9:uart_sendByte	24	static
../source/uart.c:154:10:uart_sendUntil	32	static
../source/uart.c:175:9:uart_getByte	16	static
../source/uart.c:191:10:uart_getUntil	32	static
